
---------------------------------------------------
file_name = bracket.inp
Start at    Tue Sep  8 20:28:04 2026

elset_name              = DESIGN
domain_optimized        = True
domain_density          = [1e-06, 1.0]
domain_thickness        = [10.0, 10.0]
domain_offset           = 0.0
domain_orientation      = []
domain_FI               = []
domain_material         = ['*ELASTIC\n0.001,0.35', '*ELASTIC\n1000.,0.35']
domain_same_state       = False

elset_name              = KEEP
domain_optimized        = False
domain_density          = [1e-06, 1.0]
domain_thickness        = [10.0, 10.0]
domain_offset           = 0.0
domain_orientation      = []
domain_FI               = []
domain_material         = ['*ELASTIC\n0.001,0.35', '*ELASTIC\n1000.,0.35']
domain_same_state       = False

mass_goal_ratio         = 0.25
continue_from           = 
filter_list             = [['simple', 4.0]]
optimization_base       = stiffness
cpu_cores               = 2
FI_violated_tolerance   = 1
decay_coefficient       = -0.2
shells_as_composite     = False
reference_points        = integration points
reference_value         = max
mass_addition_ratio     = 0.01
mass_removal_ratio      = 0.04
ratio_type              = absolute
compensate_state_filter = False
sensitivity_averaging   = True
steps_superposition     = []
iterations_limit        = 55
tolerance               = 0.001
displacement_graph      = [['LOAD', 'total']]
save_iteration_results  = 1
save_solver_files       = dat
save_resulting_format   = csv vtk

domains: 2
nodes  : 1426
TRIA3  : 0
TRIA6  : 0
QUAD4  : 1350
QUAD8  : 0
TETRA4 : 0
TETRA10: 0
HEXA8  : 0
HEXA20 : 0
PENTA6 : 0
PENTA15: 0

domain order: 
0) DESIGN
1) KEEP

   i              mass    ener_dens_mean     LOAD(u_total)
   0           47800.0  2.1340855292896856e-05 0.046375662211493
   1 45880.00191999995  2.2240587146095805e-05 0.04639039646526207
   2 44440.00335999996  2.3006663176130113e-05 0.046468152998897
   3 43000.00479999995  2.3881983515104763e-05 0.04662665616163033
   4 41560.00623999996  2.487883038739518e-05 0.0468669335676338
   5 40120.00767999996  2.603378884664952e-05 0.04723176880462238
   6 38680.009119999966  2.733578882085624e-05 0.04767198283339597
   7 37240.01055999997  2.8828682553632408e-05 0.04824394732517023
   8 35800.01199999999  3.055284119402578e-05 0.0489313250666738
   9 34360.01343999999  3.263831076046206e-05 0.049867513940239694
  10 32920.014879999995  3.490293923513582e-05 0.05080797807812864
  11 31480.016319999995  3.768218701230188e-05 0.051936022218851144
  12 30040.017759999995  4.106572967768217e-05 0.05322088478973739
  13 28600.019200000002  4.49585583285641e-05 0.05438530331289879
  14 27160.02064000003  4.934826273909014e-05 0.05614034967741918
  15 25720.022080000035  5.5818449286100755e-05 0.05944075028541363
  16 24280.02352000006  5.9687236985494975e-05 0.05998313615925813
  17 22840.02496000009  6.798882235688281e-05 0.06315763952684901
  18 21400.02640000008  7.714742863554835e-05 0.06560707353332261
  19 19960.027840000068  8.787952333355153e-05 0.06951258117512614
  20 18520.029280000046  0.00010272200005639881 0.07375183346488207
  21 17080.03072000004  0.00011957896394557021 0.07788832946236876
  22 15640.032160000073  0.00014177696319443657 0.08519578412847081
  23 14200.033600000077  0.00021045831905447277 0.11438654055230493
  24 12760.035040000052  0.00021239165237489863 0.10450301542942768
  25 11920.035879999994  0.00023548261016786355 0.10741795423337572
  26 11920.035879999961  0.0002371688329863807 0.11065058325460783
  27 11920.035879999961  0.00023615973335604587 0.10931251456770584
  28 11920.035879999961  0.00023419625145578552 0.10722455515081422
  29 11920.035879999963  0.00023604618670955232 0.1096440129077808
  30 11920.035879999965  0.00023363423438907657 0.10938025243857503
  31 11920.035879999976  0.00023419163083206824 0.10760100761451818
  32 11920.035879999967  0.00023305566423456375 0.10921537335477136
  33 11920.035879999969  0.00023234963150244628 0.10876951271705505
  34 11920.035879999976  0.00023261265469559528 0.10838780794925967
  35 11920.035879999976  0.00023591807778306723 0.10789048988388365
  36 11920.035879999978  0.00023603894857692953 0.1094805346597563
  37 11920.035879999976  0.00023278721643523514 0.1089227116073177
  38 11920.035879999976  0.00023288116112732944 0.10775897922575363
  39 11920.035879999976  0.00023261617122866398 0.10781465209846249
  40 11920.035879999976  0.00023160949928395795 0.1078874331906381
  41 11920.035879999976  0.00023209815578288987 0.10806413926549548
  42 11920.035879999976  0.00023274854389227276 0.10831112908493937
  43 11920.035879999976  0.00023327832304426187 0.10861623258535347
  44 11920.035879999976  0.00023292220679236472 0.10866457535901432
  45 11920.035879999976  0.0002326423354955263 0.10864926850527619
  46 11920.035879999976  0.00023270980734777305 0.10857959072369402
  47 11920.035879999976  0.00023308205293036088 0.10800837735489827
  48 11920.035879999978  0.00023262521107559204 0.10770651189894183
  49 11920.035879999978  0.0002344626006205865 0.1087976953096967
  50 11920.035879999978  0.0002337762675354399 0.10839577696491731
  51 11920.035879999978  0.00023376885417679999 0.10763458294764049
  52 11920.035879999978  0.00023331218920070478 0.10824867301751509
  54 11920.035879999976  0.00023429807511737665 0.10927858927385592
  55 11920.035879999976  0.00023503309491831556 0.10940184754360824

Finished at  Tue Sep  8 20:28:36 2026
Total time   0 h 0 min 32 s

