
---------------------------------------------------
file_name = bracket.inp
Start at    Tue Sep  8 20:27:31 2026

elset_name              = DESIGN
domain_optimized        = True
domain_density          = [1e-06, 1.0]
domain_thickness        = [10.0, 10.0]
domain_offset           = 0.0
domain_orientation      = []
domain_FI               = []
domain_material         = ['*ELASTIC\n0.001,0.35', '*ELASTIC\n1000.,0.35']
domain_same_state       = False

elset_name              = KEEP
domain_optimized        = False
domain_density          = [1e-06, 1.0]
domain_thickness        = [10.0, 10.0]
domain_offset           = 0.0
domain_orientation      = []
domain_FI               = []
domain_material         = ['*ELASTIC\n0.001,0.35', '*ELASTIC\n1000.,0.35']
domain_same_state       = False

mass_goal_ratio         = 0.4
continue_from           = 
filter_list             = [['simple', 4.0]]
optimization_base       = stiffness
cpu_cores               = 2
FI_violated_tolerance   = 1
decay_coefficient       = -0.2
shells_as_composite     = False
reference_points        = integration points
reference_value         = max
mass_addition_ratio     = 0.01
mass_removal_ratio      = 0.04
ratio_type              = absolute
compensate_state_filter = False
sensitivity_averaging   = True
steps_superposition     = []
iterations_limit        = 55
tolerance               = 0.001
displacement_graph      = [['LOAD', 'total']]
save_iteration_results  = 1
save_solver_files       = dat
save_resulting_format   = csv vtk

domains: 2
nodes  : 1426
TRIA3  : 0
TRIA6  : 0
QUAD4  : 1350
QUAD8  : 0
TETRA4 : 0
TETRA10: 0
HEXA8  : 0
HEXA20 : 0
PENTA6 : 0
PENTA15: 0

domain order: 
0) DESIGN
1) KEEP

   i              mass    ener_dens_mean     LOAD(u_total)
   0           47800.0  2.1340855292896856e-05 0.046375662211493
   1 45880.00191999995  2.2240587146095805e-05 0.04639039646526207
   2 44440.00335999996  2.3006663176130113e-05 0.046468152998897
   3 43000.00479999995  2.3881983515104763e-05 0.04662665616163033
   4 41560.00623999996  2.487883038739518e-05 0.0468669335676338
   5 40120.00767999996  2.603378884664952e-05 0.04723176880462238
   6 38680.009119999966  2.733578882085624e-05 0.04767198283339597
   7 37240.01055999997  2.8828682553632408e-05 0.04824394732517023
   8 35800.01199999999  3.055284119402578e-05 0.0489313250666738
   9 34360.01343999999  3.263831076046206e-05 0.049867513940239694
  10 32920.014879999995  3.490293923513582e-05 0.05080797807812864
  11 31480.016319999995  3.768218701230188e-05 0.051936022218851144
  12 30040.017759999995  4.106572967768217e-05 0.05322088478973739
  13 28600.019200000002  4.49585583285641e-05 0.05438530331289879
  14 27160.02064000003  4.934826273909014e-05 0.05614034967741918
  15 25720.022080000035  5.5818449286100755e-05 0.05944075028541363
  16 24280.02352000006  5.9687236985494975e-05 0.05998313615925813
  17 22840.02496000009  6.798882235688281e-05 0.06315763952684901
  18 21400.02640000008  7.714742863554835e-05 0.06560707353332261
  19 19960.027840000068  8.787952333355153e-05 0.06951258117512614
  20 19080.02872000006  9.547413465076989e-05 0.0711666211515272
  21 19080.02872000009  9.538216132013046e-05 0.07152563638210009
  22 19080.028720000086  9.574237108609434e-05 0.07178451628297358
  23 19080.028720000068  9.584226292894256e-05 0.07197249739649722
  24 19080.028720000086  9.602176043285897e-05 0.07198484838618263
  25 19080.028720000068  9.50589097747099e-05 0.07190263684178766
  26 19080.028720000068  9.519644690574435e-05 0.07194781649978267
  27 19080.02872000009  9.526428012649706e-05 0.07164656363183514
  28 19080.02872000009  9.491262857509917e-05 0.07140844397737008
  29 19080.02872000009  9.496891882579628e-05 0.07150038474303827
  30 19080.02872000009  9.531747534149113e-05 0.07173829417610932
  31 19080.02872000009  9.544911551545813e-05 0.07180162578188672
  32 19080.02872000009  9.558400639732521e-05 0.07193647782936066
  33 19080.02872000009  9.566379200102463e-05 0.07208246959081382
  34 19080.02872000009  9.546484437491036e-05 0.07205808287605563
  35 19080.02872000009  9.53796991545412e-05 0.07203667017525518
  36 19080.02872000009  9.530105769639268e-05 0.07194220598320572
  37 19080.028720000086  9.534689317090169e-05 0.0720110312351462
  38 19080.028720000086  9.520331884246755e-05 0.07192145013917406
  39 19080.028720000086  9.519383877287962e-05 0.07198414076297431
  40 19080.028720000086  9.542672254707e-05 0.07205577986890782
  41 19080.02872000009  9.53595648253073e-05 0.07207736641678926
  42 19080.028720000086  9.555489620214555e-05 0.07214281962680694
  43 19080.028720000086  9.573951815485608e-05 0.0723334940638291
  44 19080.028720000086  9.580066013671901e-05 0.07237212817547374
  45 19080.028720000086  9.568903115170591e-05 0.07231608644955975
  46 19080.028720000086  9.581528946060802e-05 0.07235358797882589
  47 19080.028720000086  9.567220722000449e-05 0.0722424854539903
  48 19080.02872000009  9.55487003283426e-05 0.07214636495172644
  49 19080.02872000009  9.557684905903331e-05 0.07215181913738557
  50 19080.02872000009  9.58165486374321e-05 0.07210967508770857
  51 19080.028720000086  9.579207885822604e-05 0.07208785349466648
  52 19080.02872000009  9.595143353083267e-05 0.07210699035922939
  53 19080.028720000086  9.603149858117885e-05 0.072272425393834
  54 19080.02872000009  9.633232460111134e-05 0.07231518135462912
  55 19080.02872000009  9.609005582846405e-05 0.07214999289099064
