Reading package lists...
Building dependency tree...
Reading state information...
The following additional packages will be installed:
  libamd-comgr2 libamdhip64-5 libboost-system1.83.0 libevent-pthreads-2.1-7t64
  libfabric1 libhsa-runtime64-1 libhsakmt1 libhwloc-plugins libhwloc15
  libllvm17t64 libmunge2 libopenmpi3t64 libpmix2t64 libpsm-infinipath1
  libpsm2-2 libptscotch-7.0 librdmacm1t64 libscotch-7.0 libucx0 libxnvctrl0
  mpi-default-bin openfoam2412-common openmpi-bin openmpi-common
Suggested packages:
  libhwloc-contrib-plugins gnuplot gfortran | fortran-compiler
Recommended packages:
  openfoam-selector
The following NEW packages will be installed:
  libamd-comgr2 libamdhip64-5 libboost-system1.83.0 libevent-pthreads-2.1-7t64
  libfabric1 libhsa-runtime64-1 libhsakmt1 libhwloc-plugins libhwloc15
  libllvm17t64 libmunge2 libopenmpi3t64 libpmix2t64 libpsm-infinipath1
  libpsm2-2 libptscotch-7.0 librdmacm1t64 libscotch-7.0 libucx0 libxnvctrl0
  mpi-default-bin openfoam2412 openfoam2412-common openfoam2412-tools
  openfoam2412-tutorials openmpi-bin openmpi-common
0 upgraded, 27 newly installed, 0 to remove and 41 not upgraded.
Need to get 158 MB of archives.
After this operation, 651 MB of additional disk space will be used.
Get:1 http://archive.ubuntu.com/ubuntu noble/main amd64 libllvm17t64 amd64 1:17.0.6-9ubuntu1 [26.2 MB]
Get:6 http://archive.ubuntu.com/ubuntu noble/universe amd64 libamd-comgr2 amd64 6.0+git20231212.4510c28+dfsg-3build2 [14.4 MB]
Get:7 http://archive.ubuntu.com/ubuntu noble/universe amd64 libhsakmt1 amd64 5.7.0-1build1 [62.9 kB]
Get:8 http://archive.ubuntu.com/ubuntu noble/universe amd64 libhsa-runtime64-1 amd64 5.7.1-2build1 [491 kB]
Get:9 http://archive.ubuntu.com/ubuntu noble/universe amd64 libamdhip64-5 amd64 5.7.1-3 [9621 kB]
Get:10 http://archive.ubuntu.com/ubuntu noble-updates/main amd64 libboost-system1.83.0 amd64 1.83.0-2.1ubuntu3.2 [236 kB]
Get:11 http://archive.ubuntu.com/ubuntu noble-updates/main amd64 libevent-pthreads-2.1-7t64 amd64 2.1.12-stable-9ubuntu2.1 [7984 B]
Get:12 http://archive.ubuntu.com/ubuntu noble/universe amd64 libpsm-infinipath1 amd64 3.3+20.604758e7-6.3build1 [178 kB]
Get:13 http://archive.ubuntu.com/ubuntu noble/universe amd64 libpsm2-2 amd64 11.2.185-2build1 [194 kB]
Get:14 http://archive.ubuntu.com/ubuntu noble-updates/main amd64 librdmacm1t64 amd64 50.0-2ubuntu0.2 [70.7 kB]
Get:15 http://archive.ubuntu.com/ubuntu noble/universe amd64 libfabric1 amd64 1.17.0-3build2 [657 kB]
Get:2 https://sourceforge.net/projects/openfoam/files/repos/deb noble/main amd64 openfoam2412-common all 2412.260127-1 [1300 kB]
Get:16 http://archive.ubuntu.com/ubuntu noble/universe amd64 libhwloc15 amd64 2.10.0-1build1 [172 kB]
Get:17 http://archive.ubuntu.com/ubuntu noble-updates/universe amd64 libmunge2 amd64 0.5.15-4ubuntu0.1 [14.8 kB]
Get:18 http://archive.ubuntu.com/ubuntu noble-updates/main amd64 libxnvctrl0 amd64 510.47.03-0ubuntu4.24.04.1 [12.7 kB]
Get:19 http://archive.ubuntu.com/ubuntu noble/universe amd64 libhwloc-plugins amd64 2.10.0-1build1 [15.7 kB]
Get:20 http://archive.ubuntu.com/ubuntu noble/universe amd64 libpmix2t64 amd64 5.0.1-4.1build1 [697 kB]
Get:21 http://archive.ubuntu.com/ubuntu noble/universe amd64 libucx0 amd64 1.16.0+ds-5ubuntu1 [1140 kB]
Get:22 http://archive.ubuntu.com/ubuntu noble/universe amd64 libopenmpi3t64 amd64 4.1.6-7ubuntu2 [2563 kB]
Get:23 http://archive.ubuntu.com/ubuntu noble/universe amd64 libptscotch-7.0 amd64 7.0.4-1ubuntu2 [729 kB]
Get:4 https://sourceforge.net/projects/openfoam/files/repos/deb noble/main amd64 openfoam2412-tools amd64 2412.260127-1 [53.4 kB]
Get:24 http://archive.ubuntu.com/ubuntu noble/universe amd64 libscotch-7.0 amd64 7.0.4-1ubuntu2 [449 kB]
Get:25 http://archive.ubuntu.com/ubuntu noble/universe amd64 openmpi-common all 4.1.6-7ubuntu2 [170 kB]
Get:26 http://archive.ubuntu.com/ubuntu noble/universe amd64 openmpi-bin amd64 4.1.6-7ubuntu2 [114 kB]
Get:27 http://archive.ubuntu.com/ubuntu noble/universe amd64 mpi-default-bin amd64 1.15build1 [2376 B]
Get:5 https://sourceforge.net/projects/openfoam/files/repos/deb noble/main amd64 openfoam2412-tutorials all 2412.260127-1 [33.6 MB]
Get:3 https://sourceforge.net/projects/openfoam/files/repos/deb noble/main amd64 openfoam2412 amd64 2412.260127-1 [65.1 MB]
Fetched 158 MB in 6s (28.5 MB/s)
Download complete and in download only mode
