{
  "iteration": 400.0,
  "cells": 836278,
  "scope": "Uncalibrated constant-force four-fan airflow; 10 Pa nominal pressure assumptions; no thermal solution",
  "sampled_flows": {
    "dell_fan_left": {
      "net_m3_s": 0.002502043295567655,
      "net_CFM": 5.301529506342401,
      "valid_sample_fraction": 1.0,
      "method": "Equal-area disk quadrature of interpolated velocity; inspect valid fraction before interpretation"
    },
    "dell_fan_right": {
      "net_m3_s": 0.0024954224306939624,
      "net_CFM": 5.2875006881570545,
      "valid_sample_fraction": 1.0,
      "method": "Equal-area disk quadrature of interpolated velocity; inspect valid fraction before interpretation"
    },
    "noctua_fan_left": {
      "net_m3_s": 0.013357971479327525,
      "net_CFM": 28.30393865205609,
      "valid_sample_fraction": 0.9850260416666666,
      "method": "Equal-area disk quadrature of interpolated velocity; inspect valid fraction before interpretation"
    },
    "noctua_fan_right": {
      "net_m3_s": 0.013489742733327427,
      "net_CFM": 28.583146127164838,
      "valid_sample_fraction": 0.98828125,
      "method": "Equal-area disk quadrature of interpolated velocity; inspect valid fraction before interpretation"
    },
    "intake_left": {
      "net_m3_s": 0.0016509170622404528,
      "net_CFM": 3.498095150270437,
      "valid_sample_fraction": 1.0,
      "method": "Rectangle quadrature at y=40.5mm, positive into laptop"
    },
    "intake_right": {
      "net_m3_s": 0.0016621347820844146,
      "net_CFM": 3.52186415253031,
      "valid_sample_fraction": 1.0,
      "method": "Rectangle quadrature at y=40.5mm, positive into laptop"
    }
  }
}
